// Jest Snapshot v1, https://goo.gl/fbAQLP

exports[`FolderContainer component test suite Snapshot render, should render FolderContainer 1`] = `
<nav
  className="mdc-list"
>
  <Spinner
    canvasClassName="spinnerCanvas"
    className=""
    pathClassName=""
    visible={false}
  />
  <FolderList
    folderList={
      Array [
        Object {
          "folderList": Array [],
        },
      ]
    }
    onClickFolder={[Function]}
    onDropMessage={[Function]}
    onRenameFolder={[Function]}
    selectedFolder={
      Object {
        "folderId": "1337-3",
      }
    }
  />
  <Connect(Translate(FolderRenameDialog)) />
</nav>
`;
